2026-02-11 03:48:23,837 - INFO - run_s3_prefix=call_extractor/wavlm_large_v1/models/run_20260209_034309_8105f4c out_s3_prefix=call_extractor/wavlm_large_v1/models/run_20260209_034309_8105f4c/decoded_prod_selected_sweepB_20260211_034822 subset=eval videos=18
2026-02-11 03:48:23,852 - INFO - Found credentials from IAM Role: ecsInstanceRole
2026-02-11 03:48:24,546 - INFO - Qa-ppZFUp0g: segments=39
2026-02-11 03:48:24,938 - INFO - DEt3IRqqUVs: segments=16
2026-02-11 03:48:25,582 - INFO - CfMJ01KP_ns: segments=36
2026-02-11 03:48:26,318 - INFO - D4uiHjHW4AU: segments=31
2026-02-11 03:48:26,656 - INFO - -POaWp9_UaM: segments=12
2026-02-11 03:48:27,653 - INFO - FkgGv2iMjEo: segments=67
2026-02-11 03:48:28,358 - INFO - 4ipwbOJRMck: segments=18
2026-02-11 03:48:28,922 - INFO - 9g2gwfWIbUk: segments=33
2026-02-11 03:48:29,274 - INFO - 15QzruVINDc: segments=0
2026-02-11 03:48:29,635 - INFO - 4OweikRF7bg: segments=0
2026-02-11 03:48:29,954 - INFO - MPHdNIiB_8E: segments=0
2026-02-11 03:48:30,550 - INFO - aW8jAYnvqyI: segments=0
2026-02-11 03:48:31,097 - INFO - hYjbrxLXJIU: segments=0
2026-02-11 03:48:31,480 - INFO - hs44BGJtOwg: segments=0
2026-02-11 03:48:31,832 - INFO - jvFLW5EClgk: segments=0
2026-02-11 03:48:32,249 - INFO - m2z1tgfv8Kc: segments=0
2026-02-11 03:48:32,581 - INFO - nNA0XQO_7jQ: segments=0
2026-02-11 03:48:33,033 - INFO - pjf5uhOMcTc: segments=0
